/workspace/miniconda3/envs/marllib/lib/python3.8/site-packages/redis/utils.py:29: CryptographyDeprecationWarning: Python 3.8 is no longer supported by the Python core team and support for it is deprecated in cryptography. The next release of cryptography will remove support for Python 3.8.
  import cryptography  # noqa
2026-05-22 22:38:51,332	WARNING utils.py:531 -- Ray currently does not support initializing Raywith fractional cpus. Your num_cpus will be truncated from 8.5 to 8.
2026-05-22 22:38:52,734	ERROR syncer.py:75 -- Log sync requires rsync to be installed.
[2m[36m(pid=993079)[0m 2026-05-22 22:38:55,460	WARNING deprecation.py:38 -- DeprecationWarning: `simple_optimizer` has been deprecated. This will raise an error in the future!
[2m[36m(pid=993079)[0m 2026-05-22 22:38:55,460	INFO dqn.py:142 -- In multi-agent mode, policies will be optimized sequentially by the multi-GPU optimizer. Consider setting simple_optimizer=True if this doesn't work for you.
[2m[36m(pid=993079)[0m 2026-05-22 22:38:55,461	INFO trainer.py:770 -- Current log_level is WARN. For more information, set 'log_level': 'INFO' / 'DEBUG' or use the -v and -vv flags.
[2m[36m(pid=993079)[0m 2026-05-22 22:39:04,380	WARNING deprecation.py:38 -- DeprecationWarning: `simple_optimizer` has been deprecated. This will raise an error in the future!
[2m[36m(pid=993077)[0m /workspace/MARLlib/marllib/marl/algos/core/VD/iql_vdn_qmix.py:482: UserWarning: The given NumPy array is not writeable, and PyTorch does not support non-writeable tensors. This means you can write to the underlying (supposedly non-writeable) NumPy array using the tensor. You may want to copy the array to protect its data or make it writeable before converting it to a tensor. This type of warning will be suppressed for the rest of this program. (Triggered internally at  ../torch/csrc/utils/tensor_numpy.cpp:189.)
[2m[36m(pid=993077)[0m   k: torch.as_tensor(v, device=self.device)
[2m[36m(pid=993081)[0m /workspace/MARLlib/marllib/marl/algos/core/VD/iql_vdn_qmix.py:482: UserWarning: The given NumPy array is not writeable, and PyTorch does not support non-writeable tensors. This means you can write to the underlying (supposedly non-writeable) NumPy array using the tensor. You may want to copy the array to protect its data or make it writeable before converting it to a tensor. This type of warning will be suppressed for the rest of this program. (Triggered internally at  ../torch/csrc/utils/tensor_numpy.cpp:189.)
[2m[36m(pid=993081)[0m   k: torch.as_tensor(v, device=self.device)
[2m[36m(pid=993075)[0m /workspace/MARLlib/marllib/marl/algos/core/VD/iql_vdn_qmix.py:482: UserWarning: The given NumPy array is not writeable, and PyTorch does not support non-writeable tensors. This means you can write to the underlying (supposedly non-writeable) NumPy array using the tensor. You may want to copy the array to protect its data or make it writeable before converting it to a tensor. This type of warning will be suppressed for the rest of this program. (Triggered internally at  ../torch/csrc/utils/tensor_numpy.cpp:189.)
[2m[36m(pid=993075)[0m   k: torch.as_tensor(v, device=self.device)
[2m[36m(pid=993076)[0m /workspace/MARLlib/marllib/marl/algos/core/VD/iql_vdn_qmix.py:482: UserWarning: The given NumPy array is not writeable, and PyTorch does not support non-writeable tensors. This means you can write to the underlying (supposedly non-writeable) NumPy array using the tensor. You may want to copy the array to protect its data or make it writeable before converting it to a tensor. This type of warning will be suppressed for the rest of this program. (Triggered internally at  ../torch/csrc/utils/tensor_numpy.cpp:189.)
[2m[36m(pid=993076)[0m   k: torch.as_tensor(v, device=self.device)
[2m[36m(pid=993078)[0m /workspace/MARLlib/marllib/marl/algos/core/VD/iql_vdn_qmix.py:482: UserWarning: The given NumPy array is not writeable, and PyTorch does not support non-writeable tensors. This means you can write to the underlying (supposedly non-writeable) NumPy array using the tensor. You may want to copy the array to protect its data or make it writeable before converting it to a tensor. This type of warning will be suppressed for the rest of this program. (Triggered internally at  ../torch/csrc/utils/tensor_numpy.cpp:189.)
[2m[36m(pid=993078)[0m   k: torch.as_tensor(v, device=self.device)
[2m[36m(pid=993073)[0m /workspace/MARLlib/marllib/marl/algos/core/VD/iql_vdn_qmix.py:482: UserWarning: The given NumPy array is not writeable, and PyTorch does not support non-writeable tensors. This means you can write to the underlying (supposedly non-writeable) NumPy array using the tensor. You may want to copy the array to protect its data or make it writeable before converting it to a tensor. This type of warning will be suppressed for the rest of this program. (Triggered internally at  ../torch/csrc/utils/tensor_numpy.cpp:189.)
[2m[36m(pid=993073)[0m   k: torch.as_tensor(v, device=self.device)
[2m[36m(pid=993079)[0m 2026-05-22 22:39:04,433	WARNING util.py:57 -- Install gputil for GPU system monitoring.
[2m[36m(pid=993077)[0m /workspace/miniconda3/envs/marllib/lib/python3.8/site-packages/gymnasium/utils/passive_env_checker.py:245: UserWarning: [33mWARN: The reward returned by `step()` must be a float, int, np.integer or np.floating, actual type: <class 'list'>[0m
[2m[36m(pid=993077)[0m   logger.warn(
[2m[36m(pid=993075)[0m /workspace/miniconda3/envs/marllib/lib/python3.8/site-packages/gymnasium/utils/passive_env_checker.py:245: UserWarning: [33mWARN: The reward returned by `step()` must be a float, int, np.integer or np.floating, actual type: <class 'list'>[0m
[2m[36m(pid=993075)[0m   logger.warn(
[2m[36m(pid=993076)[0m /workspace/miniconda3/envs/marllib/lib/python3.8/site-packages/gymnasium/utils/passive_env_checker.py:245: UserWarning: [33mWARN: The reward returned by `step()` must be a float, int, np.integer or np.floating, actual type: <class 'list'>[0m
[2m[36m(pid=993076)[0m   logger.warn(
[2m[36m(pid=993073)[0m /workspace/miniconda3/envs/marllib/lib/python3.8/site-packages/gymnasium/utils/passive_env_checker.py:245: UserWarning: [33mWARN: The reward returned by `step()` must be a float, int, np.integer or np.floating, actual type: <class 'list'>[0m
[2m[36m(pid=993073)[0m   logger.warn(
[2m[36m(pid=993081)[0m /workspace/miniconda3/envs/marllib/lib/python3.8/site-packages/gymnasium/utils/passive_env_checker.py:245: UserWarning: [33mWARN: The reward returned by `step()` must be a float, int, np.integer or np.floating, actual type: <class 'list'>[0m
[2m[36m(pid=993081)[0m   logger.warn(
[2m[36m(pid=993078)[0m /workspace/miniconda3/envs/marllib/lib/python3.8/site-packages/gymnasium/utils/passive_env_checker.py:245: UserWarning: [33mWARN: The reward returned by `step()` must be a float, int, np.integer or np.floating, actual type: <class 'list'>[0m
[2m[36m(pid=993078)[0m   logger.warn(
[2m[36m(pid=993079)[0m 2026-05-22 22:39:11,144	WARNING replay_buffer.py:68 -- Estimated max memory usage for replay buffer is 162.3048 GB (8333.333333333334 batches of size 3000, 19476576 bytes each), available system memory is 270.108901376 GB
2026-05-22 22:39:26,861	ERROR trial_runner.py:924 -- Trial QMIX_grouped_rware_v2_rware-small-4ag-v2_02279_00000: Error processing event.
Traceback (most recent call last):
  File "/workspace/miniconda3/envs/marllib/lib/python3.8/site-packages/ray/tune/trial_runner.py", line 890, in _process_trial
    results = self.trial_executor.fetch_result(trial)
  File "/workspace/miniconda3/envs/marllib/lib/python3.8/site-packages/ray/tune/ray_trial_executor.py", line 788, in fetch_result
    result = ray.get(trial_future[0], timeout=DEFAULT_GET_TIMEOUT)
  File "/workspace/miniconda3/envs/marllib/lib/python3.8/site-packages/ray/_private/client_mode_hook.py", line 105, in wrapper
    return func(*args, **kwargs)
  File "/workspace/miniconda3/envs/marllib/lib/python3.8/site-packages/ray/worker.py", line 1625, in get
    raise value.as_instanceof_cause()
ray.exceptions.RayTaskError(RuntimeError): [36mray::QMIX.train()[39m (pid=993079, ip=172.24.0.2, repr=QMIX)
  File "/workspace/miniconda3/envs/marllib/lib/python3.8/site-packages/ray/rllib/agents/trainer.py", line 682, in train
    raise e
  File "/workspace/miniconda3/envs/marllib/lib/python3.8/site-packages/ray/rllib/agents/trainer.py", line 668, in train
    result = Trainable.train(self)
  File "/workspace/miniconda3/envs/marllib/lib/python3.8/site-packages/ray/tune/trainable.py", line 283, in train
    result = self.step()
  File "/workspace/miniconda3/envs/marllib/lib/python3.8/site-packages/ray/rllib/agents/trainer_template.py", line 206, in step
    step_results = next(self.train_exec_impl)
  File "/workspace/miniconda3/envs/marllib/lib/python3.8/site-packages/ray/util/iter.py", line 756, in __next__
    return next(self.built_iterator)
  File "/workspace/miniconda3/envs/marllib/lib/python3.8/site-packages/ray/util/iter.py", line 783, in apply_foreach
    for item in it:
  File "/workspace/miniconda3/envs/marllib/lib/python3.8/site-packages/ray/util/iter.py", line 843, in apply_filter
    for item in it:
  File "/workspace/miniconda3/envs/marllib/lib/python3.8/site-packages/ray/util/iter.py", line 843, in apply_filter
    for item in it:
  File "/workspace/miniconda3/envs/marllib/lib/python3.8/site-packages/ray/util/iter.py", line 783, in apply_foreach
    for item in it:
  File "/workspace/miniconda3/envs/marllib/lib/python3.8/site-packages/ray/util/iter.py", line 843, in apply_filter
    for item in it:
  File "/workspace/miniconda3/envs/marllib/lib/python3.8/site-packages/ray/util/iter.py", line 1075, in build_union
    item = next(it)
  File "/workspace/miniconda3/envs/marllib/lib/python3.8/site-packages/ray/util/iter.py", line 756, in __next__
    return next(self.built_iterator)
  File "/workspace/miniconda3/envs/marllib/lib/python3.8/site-packages/ray/util/iter.py", line 783, in apply_foreach
    for item in it:
  File "/workspace/miniconda3/envs/marllib/lib/python3.8/site-packages/ray/util/iter.py", line 783, in apply_foreach
    for item in it:
  File "/workspace/miniconda3/envs/marllib/lib/python3.8/site-packages/ray/util/iter.py", line 791, in apply_foreach
    result = fn(item)
  File "/workspace/miniconda3/envs/marllib/lib/python3.8/site-packages/ray/rllib/execution/train_ops.py", line 95, in __call__
    self.workers.local_worker().learn_on_batch(batch)
  File "/workspace/miniconda3/envs/marllib/lib/python3.8/site-packages/ray/rllib/evaluation/rollout_worker.py", line 958, in learn_on_batch
    info_out[pid] = policy.learn_on_batch(batch)
  File "/workspace/MARLlib/marllib/marl/algos/core/VD/iql_vdn_qmix.py", line 402, in learn_on_batch
    self.loss(rewards, actions, terminated, mask, obs, next_obs,
  File "/workspace/miniconda3/envs/marllib/lib/python3.8/site-packages/torch/nn/modules/module.py", line 1102, in _call_impl
    return forward_call(*input, **kwargs)
  File "/workspace/MARLlib/marllib/marl/algos/core/VD/iql_vdn_qmix.py", line 123, in forward
    ignore_action_tp1 = (next_action_mask == 0) & (mask == 1).unsqueeze(-1)
RuntimeError: CUDA out of memory. Tried to allocate 20.00 MiB (GPU 0; 23.56 GiB total capacity; 21.44 GiB already allocated; 9.00 MiB free; 21.46 GiB reserved in total by PyTorch) If reserved memory is >> allocated memory try setting max_split_size_mb to avoid fragmentation.  See documentation for Memory Management and PYTORCH_CUDA_ALLOC_CONF
[2m[36m(pid=993081)[0m 2026-05-22 22:39:27,391	ERROR worker.py:425 -- SystemExit was raised from the worker
[2m[36m(pid=993081)[0m Traceback (most recent call last):
[2m[36m(pid=993081)[0m   File "python/ray/_raylet.pyx", line 558, in ray._raylet.execute_task
[2m[36m(pid=993081)[0m   File "python/ray/_raylet.pyx", line 565, in ray._raylet.execute_task
[2m[36m(pid=993081)[0m   File "python/ray/_raylet.pyx", line 569, in ray._raylet.execute_task
[2m[36m(pid=993081)[0m   File "python/ray/_raylet.pyx", line 519, in ray._raylet.execute_task.function_executor
[2m[36m(pid=993081)[0m   File "/workspace/miniconda3/envs/marllib/lib/python3.8/site-packages/ray/_private/function_manager.py", line 576, in actor_method_executor
[2m[36m(pid=993081)[0m     return method(__ray_actor, *args, **kwargs)
[2m[36m(pid=993081)[0m   File "/workspace/miniconda3/envs/marllib/lib/python3.8/site-packages/ray/util/tracing/tracing_helper.py", line 451, in _resume_span
[2m[36m(pid=993081)[0m     return method(self, *_args, **_kwargs)
[2m[36m(pid=993081)[0m   File "/workspace/miniconda3/envs/marllib/lib/python3.8/site-packages/ray/actor.py", line 1047, in __ray_terminate__
[2m[36m(pid=993081)[0m     ray.actor.exit_actor()
[2m[36m(pid=993081)[0m   File "/workspace/miniconda3/envs/marllib/lib/python3.8/site-packages/ray/actor.py", line 1123, in exit_actor
[2m[36m(pid=993081)[0m     raise exit
[2m[36m(pid=993081)[0m SystemExit: 0
[2m[36m(pid=993081)[0m 
[2m[36m(pid=993081)[0m During handling of the above exception, another exception occurred:
[2m[36m(pid=993081)[0m 
[2m[36m(pid=993081)[0m Traceback (most recent call last):
[2m[36m(pid=993081)[0m   File "python/ray/_raylet.pyx", line 692, in ray._raylet.task_execution_handler
[2m[36m(pid=993081)[0m   File "python/ray/_raylet.pyx", line 521, in ray._raylet.execute_task
[2m[36m(pid=993081)[0m   File "python/ray/includes/libcoreworker.pxi", line 33, in ray._raylet.ProfileEvent.__exit__
[2m[36m(pid=993081)[0m   File "/workspace/miniconda3/envs/marllib/lib/python3.8/traceback.py", line 167, in format_exc
[2m[36m(pid=993081)[0m     return "".join(format_exception(*sys.exc_info(), limit=limit, chain=chain))
[2m[36m(pid=993081)[0m   File "/workspace/miniconda3/envs/marllib/lib/python3.8/traceback.py", line 120, in format_exception
[2m[36m(pid=993081)[0m     return list(TracebackException(
[2m[36m(pid=993081)[0m   File "/workspace/miniconda3/envs/marllib/lib/python3.8/traceback.py", line 616, in format
[2m[36m(pid=993081)[0m     yield from self.stack.format()
[2m[36m(pid=993081)[0m   File "/workspace/miniconda3/envs/marllib/lib/python3.8/site-packages/ray/worker.py", line 422, in sigterm_handler
[2m[36m(pid=993081)[0m     sys.exit(1)
[2m[36m(pid=993081)[0m SystemExit: 1
[2m[36m(pid=993081)[0m [2026-05-22 22:39:27,393 E 993081 993235] raylet_client.cc:159: IOError: Broken pipe [RayletClient] Failed to disconnect from raylet.
[2m[36m(pid=993078)[0m 2026-05-22 22:39:27,391	ERROR worker.py:425 -- SystemExit was raised from the worker
[2m[36m(pid=993078)[0m Traceback (most recent call last):
[2m[36m(pid=993078)[0m   File "python/ray/_raylet.pyx", line 558, in ray._raylet.execute_task
[2m[36m(pid=993078)[0m   File "python/ray/_raylet.pyx", line 565, in ray._raylet.execute_task
[2m[36m(pid=993078)[0m   File "python/ray/_raylet.pyx", line 569, in ray._raylet.execute_task
[2m[36m(pid=993078)[0m   File "python/ray/_raylet.pyx", line 519, in ray._raylet.execute_task.function_executor
[2m[36m(pid=993078)[0m   File "/workspace/miniconda3/envs/marllib/lib/python3.8/site-packages/ray/_private/function_manager.py", line 576, in actor_method_executor
[2m[36m(pid=993078)[0m     return method(__ray_actor, *args, **kwargs)
[2m[36m(pid=993078)[0m   File "/workspace/miniconda3/envs/marllib/lib/python3.8/site-packages/ray/util/tracing/tracing_helper.py", line 451, in _resume_span
[2m[36m(pid=993078)[0m     return method(self, *_args, **_kwargs)
[2m[36m(pid=993078)[0m   File "/workspace/miniconda3/envs/marllib/lib/python3.8/site-packages/ray/actor.py", line 1047, in __ray_terminate__
[2m[36m(pid=993078)[0m     ray.actor.exit_actor()
[2m[36m(pid=993078)[0m   File "/workspace/miniconda3/envs/marllib/lib/python3.8/site-packages/ray/actor.py", line 1123, in exit_actor
[2m[36m(pid=993078)[0m     raise exit
[2m[36m(pid=993078)[0m SystemExit: 0
[2m[36m(pid=993078)[0m 
[2m[36m(pid=993078)[0m During handling of the above exception, another exception occurred:
[2m[36m(pid=993078)[0m 
[2m[36m(pid=993078)[0m Traceback (most recent call last):
[2m[36m(pid=993078)[0m   File "python/ray/_raylet.pyx", line 692, in ray._raylet.task_execution_handler
[2m[36m(pid=993078)[0m   File "python/ray/_raylet.pyx", line 521, in ray._raylet.execute_task
[2m[36m(pid=993078)[0m   File "python/ray/includes/libcoreworker.pxi", line 33, in ray._raylet.ProfileEvent.__exit__
[2m[36m(pid=993078)[0m   File "/workspace/miniconda3/envs/marllib/lib/python3.8/traceback.py", line 167, in format_exc
[2m[36m(pid=993078)[0m     return "".join(format_exception(*sys.exc_info(), limit=limit, chain=chain))
[2m[36m(pid=993078)[0m   File "/workspace/miniconda3/envs/marllib/lib/python3.8/traceback.py", line 120, in format_exception
[2m[36m(pid=993078)[0m     return list(TracebackException(
[2m[36m(pid=993078)[0m   File "/workspace/miniconda3/envs/marllib/lib/python3.8/traceback.py", line 508, in __init__
[2m[36m(pid=993078)[0m     self.stack = StackSummary.extract(
[2m[36m(pid=993078)[0m   File "/workspace/miniconda3/envs/marllib/lib/python3.8/traceback.py", line 336, in extract
[2m[36m(pid=993078)[0m     limit = getattr(sys, 'tracebacklimit', None)
[2m[36m(pid=993078)[0m   File "/workspace/miniconda3/envs/marllib/lib/python3.8/site-packages/ray/worker.py", line 422, in sigterm_handler
[2m[36m(pid=993078)[0m     sys.exit(1)
[2m[36m(pid=993078)[0m SystemExit: 1
[2m[36m(pid=993078)[0m [2026-05-22 22:39:27,393 E 993078 993264] raylet_client.cc:159: IOError: Broken pipe [RayletClient] Failed to disconnect from raylet.
verified rware-small-4ag-v2
== Status ==
Current time: 2026-05-22 22:38:52 (running for 00:00:00.14)
Memory usage on this node: 57.3/251.6 GiB
Using FIFO scheduling algorithm.
Resources requested: 0/8 CPUs, 0/1 GPUs, 0.0/17.54 GiB heap, 0.0/8.77 GiB objects (0.0/1.0 accelerator_type:G)
Result logdir: /workspace/MARLlib/runs/rware_mappo_gru_small_20m_tensorboard/qmix_gru_rware-small-4ag-v2
Number of trials: 1/1 (1 PENDING)
+------------------------------------------------------+----------+-------+
| Trial name                                           | status   | loc   |
|------------------------------------------------------+----------+-------|
| QMIX_grouped_rware_v2_rware-small-4ag-v2_02279_00000 | PENDING  |       |
+------------------------------------------------------+----------+-------+


== Status ==
Current time: 2026-05-22 22:39:04 (running for 00:00:11.92)
Memory usage on this node: 62.4/251.6 GiB
Using FIFO scheduling algorithm.
Resources requested: 7.0/8 CPUs, 1.0/1 GPUs, 0.0/17.54 GiB heap, 0.0/8.77 GiB objects (0.0/1.0 accelerator_type:G)
Result logdir: /workspace/MARLlib/runs/rware_mappo_gru_small_20m_tensorboard/qmix_gru_rware-small-4ag-v2
Number of trials: 1/1 (1 RUNNING)
+------------------------------------------------------+----------+-------------------+
| Trial name                                           | status   | loc               |
|------------------------------------------------------+----------+-------------------|
| QMIX_grouped_rware_v2_rware-small-4ag-v2_02279_00000 | RUNNING  | 172.24.0.2:993079 |
+------------------------------------------------------+----------+-------------------+


== Status ==
Current time: 2026-05-22 22:39:05 (running for 00:00:12.93)
Memory usage on this node: 62.4/251.6 GiB
Using FIFO scheduling algorithm.
Resources requested: 7.0/8 CPUs, 1.0/1 GPUs, 0.0/17.54 GiB heap, 0.0/8.77 GiB objects (0.0/1.0 accelerator_type:G)
Result logdir: /workspace/MARLlib/runs/rware_mappo_gru_small_20m_tensorboard/qmix_gru_rware-small-4ag-v2
Number of trials: 1/1 (1 RUNNING)
+------------------------------------------------------+----------+-------------------+
| Trial name                                           | status   | loc               |
|------------------------------------------------------+----------+-------------------|
| QMIX_grouped_rware_v2_rware-small-4ag-v2_02279_00000 | RUNNING  | 172.24.0.2:993079 |
+------------------------------------------------------+----------+-------------------+


== Status ==
Current time: 2026-05-22 22:39:10 (running for 00:00:17.93)
Memory usage on this node: 63.4/251.6 GiB
Using FIFO scheduling algorithm.
Resources requested: 7.0/8 CPUs, 1.0/1 GPUs, 0.0/17.54 GiB heap, 0.0/8.77 GiB objects (0.0/1.0 accelerator_type:G)
Result logdir: /workspace/MARLlib/runs/rware_mappo_gru_small_20m_tensorboard/qmix_gru_rware-small-4ag-v2
Number of trials: 1/1 (1 RUNNING)
+------------------------------------------------------+----------+-------------------+
| Trial name                                           | status   | loc               |
|------------------------------------------------------+----------+-------------------|
| QMIX_grouped_rware_v2_rware-small-4ag-v2_02279_00000 | RUNNING  | 172.24.0.2:993079 |
+------------------------------------------------------+----------+-------------------+


== Status ==
Current time: 2026-05-22 22:39:15 (running for 00:00:22.94)
Memory usage on this node: 63.6/251.6 GiB
Using FIFO scheduling algorithm.
Resources requested: 7.0/8 CPUs, 1.0/1 GPUs, 0.0/17.54 GiB heap, 0.0/8.77 GiB objects (0.0/1.0 accelerator_type:G)
Result logdir: /workspace/MARLlib/runs/rware_mappo_gru_small_20m_tensorboard/qmix_gru_rware-small-4ag-v2
Number of trials: 1/1 (1 RUNNING)
+------------------------------------------------------+----------+-------------------+
| Trial name                                           | status   | loc               |
|------------------------------------------------------+----------+-------------------|
| QMIX_grouped_rware_v2_rware-small-4ag-v2_02279_00000 | RUNNING  | 172.24.0.2:993079 |
+------------------------------------------------------+----------+-------------------+


== Status ==
Current time: 2026-05-22 22:39:20 (running for 00:00:27.95)
Memory usage on this node: 63.7/251.6 GiB
Using FIFO scheduling algorithm.
Resources requested: 7.0/8 CPUs, 1.0/1 GPUs, 0.0/17.54 GiB heap, 0.0/8.77 GiB objects (0.0/1.0 accelerator_type:G)
Result logdir: /workspace/MARLlib/runs/rware_mappo_gru_small_20m_tensorboard/qmix_gru_rware-small-4ag-v2
Number of trials: 1/1 (1 RUNNING)
+------------------------------------------------------+----------+-------------------+
| Trial name                                           | status   | loc               |
|------------------------------------------------------+----------+-------------------|
| QMIX_grouped_rware_v2_rware-small-4ag-v2_02279_00000 | RUNNING  | 172.24.0.2:993079 |
+------------------------------------------------------+----------+-------------------+


== Status ==
Current time: 2026-05-22 22:39:25 (running for 00:00:32.95)
Memory usage on this node: 65.7/251.6 GiB
Using FIFO scheduling algorithm.
Resources requested: 7.0/8 CPUs, 1.0/1 GPUs, 0.0/17.54 GiB heap, 0.0/8.77 GiB objects (0.0/1.0 accelerator_type:G)
Result logdir: /workspace/MARLlib/runs/rware_mappo_gru_small_20m_tensorboard/qmix_gru_rware-small-4ag-v2
Number of trials: 1/1 (1 RUNNING)
+------------------------------------------------------+----------+-------------------+
| Trial name                                           | status   | loc               |
|------------------------------------------------------+----------+-------------------|
| QMIX_grouped_rware_v2_rware-small-4ag-v2_02279_00000 | RUNNING  | 172.24.0.2:993079 |
+------------------------------------------------------+----------+-------------------+


== Status ==
Current time: 2026-05-22 22:39:26 (running for 00:00:34.36)
Memory usage on this node: 63.9/251.6 GiB
Using FIFO scheduling algorithm.
Resources requested: 0/8 CPUs, 0/1 GPUs, 0.0/17.54 GiB heap, 0.0/8.77 GiB objects (0.0/1.0 accelerator_type:G)
Result logdir: /workspace/MARLlib/runs/rware_mappo_gru_small_20m_tensorboard/qmix_gru_rware-small-4ag-v2
Number of trials: 1/1 (1 ERROR)
+------------------------------------------------------+----------+-------------------+
| Trial name                                           | status   | loc               |
|------------------------------------------------------+----------+-------------------|
| QMIX_grouped_rware_v2_rware-small-4ag-v2_02279_00000 | ERROR    | 172.24.0.2:993079 |
+------------------------------------------------------+----------+-------------------+
Number of errored trials: 1
+------------------------------------------------------+--------------+--------------------------------------------------------------------------------------------------------------------------------------------------------------------------------+
| Trial name                                           |   # failures | error file                                                                                                                                                                     |
|------------------------------------------------------+--------------+--------------------------------------------------------------------------------------------------------------------------------------------------------------------------------|
| QMIX_grouped_rware_v2_rware-small-4ag-v2_02279_00000 |            1 | /workspace/MARLlib/runs/rware_mappo_gru_small_20m_tensorboard/qmix_gru_rware-small-4ag-v2/QMIX_grouped_rware_v2_rware-small-4ag-v2_02279_00000_0_2026-05-22_22-38-52/error.txt |
+------------------------------------------------------+--------------+--------------------------------------------------------------------------------------------------------------------------------------------------------------------------------+

Traceback (most recent call last):
  File "scripts/train_rware_qmix.py", line 187, in <module>
    main()
  File "scripts/train_rware_qmix.py", line 168, in main
    qmix.fit(
  File "/workspace/MARLlib/marllib/marl/__init__.py", line 314, in fit
    return run_vd(self.config_dict, env_instance, model_class, stop=stop)
  File "/workspace/MARLlib/marllib/marl/algos/run_vd.py", line 208, in run_vd
    results = POlICY_REGISTRY[exp_info["algorithm"]](model, exp_info, run_config, env_info, stop_config,
  File "/workspace/MARLlib/marllib/marl/algos/scripts/vdn_qmix_iql.py", line 118, in run_joint_q
    results = tune.run(JQTrainer,
  File "/workspace/miniconda3/envs/marllib/lib/python3.8/site-packages/ray/tune/tune.py", line 624, in run
    raise TuneError("Trials did not complete", incomplete_trials)
ray.tune.error.TuneError: ('Trials did not complete', [QMIX_grouped_rware_v2_rware-small-4ag-v2_02279_00000])
